// Jest Snapshot v1, https://goo.gl/fbAQLP

exports[`<CourseDescriptionEditorPage> (and subordinates) Renders without errors (incl. snapshot) 1`] = `
<DocumentFragment>
  <div
    class="kursinfo-main-page col"
  >
    <header
      class="pageTitle col"
      id="course-title"
    >
      <h1
        data-testid="main-heading"
      >
        Redigera introduktion till kursen
      </h1>
      <div
        data-testid="main-course"
      >
        <span
          property="aiiso:code"
        >
          SF1624
        </span>
        <span
          property="teach:pageTitle"
        >
           Algebra och geometri
        </span>
        <span
          content="7.5"
          datatype="xsd:decimal"
          property="teach:ects"
        >
           7,5 hp
        </span>
      </div>
    </header>
    <div
      class="progress-bar-container row"
    >
      <div
        class="col-md-4 col-sm-12 progress-bar1 progress-active"
      >
        <span>
          1. Välj bild
        </span>
      </div>
      <div
        class="col-md-4 col-sm-12 progress-bar1 "
      >
        <span>
          2. Redigera text
        </span>
      </div>
      <div
        class="col-md-4 col-sm-12 progress-bar1 "
      >
        <span>
          3. Granska och publicera
        </span>
      </div>
      <div>
        <p
          data-testid="intro-text"
        >
          Börja med att välja vilken bild som ska visas på kursinformationssidan (steg 1 av 3). I nästa steg (2 av 3) kommer du att kunna redigera den inledande texten. 
    I sista steget (3 av 3) ges möjlighet att först granska bild och text och sedan publicera det på sidan ”Kursinformation”.
        </p>
      </div>
    </div>
    <span
      class="Upload--Area col"
    >
      <span
        class="title_and_info"
      >
        <h2
          data-testid="intro-heading"
        >
          Välj bild
          <span>
            <button
              class="btn-info-modal btn btn-btn-info-modal"
              type="button"
            />
          </span>
        </h2>
      </span>
      <p>
        Välj bild som ska visas på kursinformationssidan:
      </p>
      <form
        class="Picture--Options input-label-row"
      >
        <span
          role="radiogroup"
        >
          <label
            for="defaultPicture"
          >
            <input
              checked=""
              id="defaultPicture"
              name="choosePicture"
              type="radio"
              value="defaultPicture"
            />
             Bild vald utifrån kursens huvudområde
          </label>
           
          <br />
          <label
            for="otherPicture"
          >
            <input
              id="otherPicture"
              name="choosePicture"
              type="radio"
              value="otherPicture"
            />
             Egen vald bild
          </label>
           
          <br />
        </span>
      </form>
      <span
        class=""
      >
        <img
          alt="Bild för kurssidasdekoration"
          height="auto"
          src="Picture_by_MainFieldOfStudy_11_Mathematics.jpg"
          width="300px"
        />
      </span>
      <span
        class="control-buttons"
      >
        <div
          class="col-sm-4"
        />
        <div
          class="btn-cancel col-sm-4"
        >
          <span>
            <button
              class="secondary btn btn-secondary"
              type="button"
            >
              Avbryt
            </button>
          </span>
        </div>
        <div
          class="step-forward col-sm-4"
        >
          <button
            alt="Till nästa steg att redigera text"
            class="btn-next btn btn-success"
            type="button"
          >
            Redigera text
          </button>
        </div>
      </span>
    </span>
  </div>
</DocumentFragment>
`;
